Level   0 教学关卡   400帧 OK · 位移 0.9m · 存活 · HP 100 理智 98 电 100
Level   1 宜居地带   400帧 OK · 位移 1.0m · 存活 · HP 100 理智 96 电 100
Level   2 废弃公共带  400帧 OK · 位移 0.9m · 存活 · HP 100 理智 100 电 100
Level   3 电站     400帧 OK · 位移 1.0m · 存活 · HP 100 理智 97 电 100
Level   4 废弃办公室  400帧 OK · 位移 2.1m · 存活 · HP 100 理智 100 电 100
Level   5 恐怖酒店   400帧 OK · 位移 1.7m · 存活 · HP 100 理智 96 电 100
Level   6 熄灯     400帧 OK · 位移 1.6m · 存活 · HP 100 理智 88 电 100
Level   7 深海恐惧   400帧 OK · 位移 0.7m · 存活 · HP 100 理智 88 电 100
Level   8 洞穴系统   400帧 OK · 位移 1.7m · 存活 · HP 100 理智 100 电 100
Level   9 郊区     400帧 OK · 位移 2.2m · 存活 · HP 100 理智 83 电 100
Level  10 丰收     400帧 OK · 位移 69.3m · 存活 · HP 100 理智 89 电 100
Level  11 不夜城    400帧 OK · 位移 1.1m · 存活 · HP 100 理智 100 电 100
Level 601 终末     400帧 OK · 位移 1.7m · 存活 · HP 100 理智 85 电 100
Alpha 基地（据点） 400帧 OK · 位移 30.5m · NPC 12 名 · 存活
商人之家（据点） 300帧 OK · NPC 10 名 · 存活
希波克拉底 - 1（据点） 300帧 OK · NPC 10 名 · 存活
Tom 的餐馆（据点） 300帧 OK · NPC 7 名 · 存活
办公区EL3A（据点） 300帧 OK · NPC 9 名 · 双层 2F · 存活
  ✓ EL3A 楼梯行走：从坡道底走上 2F（z=2.91 x=20.5 y=40.8）
  ✓ EL3A 夹楼 2F NPC ×2（kowalski、whitfield）
  ✓ EL3A 2F 跳跃顶点 4.05m（多层交界跳跃正常）
  ✓ EL3A 夹楼下跳跃顶点 1.10m（楼板底正确拦截，未穿楼板）
  ✓ 物流接取：获得「物流包裹」（目标 laozhangfang · 物流包裹：送往商人之家）
  ✓ 物流交付：包裹签收，声望 +8 · 压印币 +9
  ✓ 物流失败：包裹丢失 → 认栽移除任务，声望 -3
  ✓ 免费救济：物资匮乏可领补给包（杏仁水×1+罐装食品×1），重复领取被拦截
  ✓ 信众 approach：看见玩家主动靠近（最近 2.5m），停下后高频传教
  ✓ 敌意规则：声望 ≤-10 信众敌对并主动攻击（HP -36）；≥-10 恢复交谈
  ✓ 认同「杰瑞是最伟大的」：野外信众可认同，声望 +10（v49 起每局仅首次有效）
  ✓ 认同每局仅一次：另一名信众处选项不再出现且引擎拦截，声望保持 +10（「你已宣誓过了」）
  ✓ 认同仅野外：L274 内信众的认同被引擎拦截（他们已认可你才带你来）
  ✓ 进入门槛：声望 <10 拒绝带路（「你还不够虔诚。」）
  ✓ 进入门槛：声望 ≥10 引路切层到 Level 274「杰瑞的房间」
  ✓ 接触杰瑞：声望 +5（每次）· 教化 +25
  ✓ 接触冷却：20s 内置冷却，重复接触被拦截并提示剩余秒数
  ✓ 诵咏：接触后周期性不受控咏出崇拜杰瑞的话语（HUD 消息流）
  ✓ 教化满 100：出口交互被拦（「你属于这里。鹉主还需要你。」）
  ✓ 声望惩罚：教化未满主动离开 L274 → 声望 -5
  ✓ 传教委托门槛：声望 <30 不提供传教委托（入口仅 ≥30 显示）
  ✓ 传教使命标准委托化：三选一候选 ×3（传教使命：前往存储设施；传教使命：前往M.E.G. Alpha 基地；传教使命：前往办公区EL3A）
  ✓ 借任务离开：有进行中的传教委托，离开 L274 不受声望惩罚
  ✓ 布道达成：委托标记完成，bntg 声望 -5（布道惹人嫌；目的地=storage）
  ✓ 委托交付：jerry 声望 +10 · 小物资（almond）——标准委托流程走完
  ✓ 驯服：给予杏仁水 ×1 → 教化清零；被信众看见 → 声望 -10（亵渎）
  ✓ 驯服后接触：声望仍 +5，教化不再积累
  ✓ 伤害杰瑞：jerry 声望立即 -50（信众哗然；HP 30→22）
  ✓ 杀死杰瑞：jerry 声望直接 -100（彻底敌对，信众立即攻击玩家）
  ✓ 教化约束：教化值 >0 挥击对鹉主无效（「你下不去手」）
  ✓ 教化约束：教化值 ≥50 挥击对信众 NPC 无效（兄弟姐妹）
  ✓ 教化约束解除：驯服清零后可再次对鹉主出手（声望再 -50）
  ✓ L274 信众不主动传教：最近 7.0m（仅岗位游荡；主动 approach 仅野外宣传间信众）
衔尾段 BRC 员工同步 OK：Brush(hammer)、Towel(hammer)、Onion(paint)、Spoon(saw)（窗口内 4 名，单 chunk 1~2 名见 l1inf-smoke）
  ✓ 模仿装修：声望 +2（动作播完结算）
  ✓ 模仿装修：全局冷却生效（冷却内不再加声望）
  ✓ 攻击员工：声望不变、员工继续干活（未告发伤害 ×1）
  ✓ 坦白：声望 2 → -8（伤害×1 结清 -10），该员工转敌对
  ✓ 敌对员工追击并攻击玩家（距离 2.5 → 1.1，HP -18）
  ✓ 反击杀死敌对员工：不再记罪、声望不再变化
（本 seed 的 Level 11 未刷出 Base Beta 出口，改用直接跳层验证结局层）
假结局：触发 1 次 · 玩家仍在 Level 601 ✓
真结局：通关 ✓
  ✓ 尸体击退墙体校验：落点夹回可走位置，尸体未嵌入墙
  ✓ 被动漫游撞墙转向：卡住后偏转 90° 另选可走目标
  ✓ 笑魇听觉：关灯靠近发出声音即被察觉（进入追击），安静时不追击

✓ 引擎冒烟全部通过
